Component: ARM Compiler 5.06 update 6 (build 750) Tool: armlink [4d35ed]

==============================================================================

Section Cross References

    main.o(i.Delay) refers to main.o(.data) for msTicks
    main.o(i.EXTI0_1_IRQHandler) refers to main.o(.data) for count
    main.o(i.EXTI2_3_IRQHandler) refers to main.o(.data) for status2
    main.o(i.GPTM0_IRQHandler) refers to main.o(.data) for count1
    main.o(i.GPTM0_Init) refers to main.o(i.__NVIC_EnableIRQ) for __NVIC_EnableIRQ
    main.o(i.Key1_interrupt_Int) refers to main.o(i.__NVIC_EnableIRQ) for __NVIC_EnableIRQ
    main.o(i.Key2_interrupt_Int) refers to main.o(i.__NVIC_EnableIRQ) for __NVIC_EnableIRQ
    main.o(i.SysTick_Handler) refers to main.o(.data) for msTicks
    main.o(i.main) refers to main.o(i.GPTM0_Init) for GPTM0_Init
    main.o(i.main) refers to main.o(i.Key1_interrupt_Int) for Key1_interrupt_Int
    main.o(i.main) refers to main.o(i.Key2_interrupt_Int) for Key2_interrupt_Int
    main.o(i.main) refers to main.o(i.__NVIC_SetPriority) for __NVIC_SetPriority
    main.o(i.main) refers to main.o(i.ADC_Init) for ADC_Init
    main.o(i.main) refers to main.o(i.ADC_read) for ADC_read
    main.o(i.main) refers to aeabi_sdiv.o(.text) for __aeabi_idivmod
    main.o(i.main) refers to main.o(i.Delay) for Delay
    main.o(i.main) refers to main.o(.data) for count1
    startup_ht32f52342_52.o(STACK) refers (Special) to heapauxi.o(.text) for __use_two_region_memory
    startup_ht32f52342_52.o(HEAP) refers (Special) to heapauxi.o(.text) for __use_two_region_memory
    startup_ht32f52342_52.o(RESET) refers (Special) to heapauxi.o(.text) for __use_two_region_memory
    startup_ht32f52342_52.o(RESET) refers to startup_ht32f52342_52.o(STACK) for __initial_sp
    startup_ht32f52342_52.o(RESET) refers to main.o(i.SysTick_Handler) for SysTick_Handler
    startup_ht32f52342_52.o(RESET) refers to main.o(i.EXTI0_1_IRQHandler) for EXTI0_1_IRQHandler
    startup_ht32f52342_52.o(RESET) refers to main.o(i.EXTI2_3_IRQHandler) for EXTI2_3_IRQHandler
    startup_ht32f52342_52.o(RESET) refers to main.o(i.GPTM0_IRQHandler) for GPTM0_IRQHandler
    startup_ht32f52342_52.o(RESET) refers to system_ht32f5xxxx_01.o(i.SystemInit) for SystemInit
    startup_ht32f52342_52.o(RESET) refers to __main.o(!!!main) for __main
    startup_ht32f52342_52.o(RESET) refers to startup_ht32f52342_52.o(HEAP) for Heap_Mem
    system_ht32f5xxxx_01.o(i.SystemCoreClockUpdate) refers to system_ht32f5xxxx_01.o(.data) for SystemCoreClock
    __main.o(!!!main) refers to __rtentry.o(.ARM.Collect$$rtentry$$00000000) for __rt_entry
    __rtentry.o(.ARM.Collect$$rtentry$$00000000) refers (Special) to __rtentry2.o(.ARM.Collect$$rtentry$$0000000A) for __rt_entry_li
    __rtentry.o(.ARM.Collect$$rtentry$$00000000) refers (Special) to __rtentry2.o(.ARM.Collect$$rtentry$$0000000D) for __rt_entry_main
    __rtentry.o(.ARM.Collect$$rtentry$$00000000) refers (Special) to __rtentry2.o(.ARM.Collect$$rtentry$$0000000C) for __rt_entry_postli_1
    __rtentry.o(.ARM.Collect$$rtentry$$00000000) refers (Special) to __rtentry2.o(.ARM.Collect$$rtentry$$00000009) for __rt_entry_postsh_1
    __rtentry.o(.ARM.Collect$$rtentry$$00000000) refers (Special) to __rtentry2.o(.ARM.Collect$$rtentry$$00000002) for __rt_entry_presh_1
    __rtentry.o(.ARM.Collect$$rtentry$$00000000) refers (Special) to __rtentry4.o(.ARM.Collect$$rtentry$$00000004) for __rt_entry_sh
    aeabi_idiv0_sigfpe.o(.text) refers to rt_div0.o(.text) for __rt_div0
    __rtentry2.o(.ARM.Collect$$rtentry$$00000008) refers to boardinit2.o(.text) for _platform_post_stackheap_init
    __rtentry2.o(.ARM.Collect$$rtentry$$0000000A) refers to libinit.o(.ARM.Collect$$libinit$$00000000) for __rt_lib_init
    __rtentry2.o(.ARM.Collect$$rtentry$$0000000B) refers to boardinit3.o(.text) for _platform_post_lib_init
    __rtentry2.o(.ARM.Collect$$rtentry$$0000000D) refers to main.o(i.main) for main
    __rtentry2.o(.ARM.Collect$$rtentry$$0000000D) refers to exit.o(.text) for exit
    __rtentry2.o(.ARM.exidx) refers to __rtentry2.o(.ARM.Collect$$rtentry$$00000001) for .ARM.Collect$$rtentry$$00000001
    __rtentry2.o(.ARM.exidx) refers to __rtentry2.o(.ARM.Collect$$rtentry$$00000008) for .ARM.Collect$$rtentry$$00000008
    __rtentry2.o(.ARM.exidx) refers to __rtentry2.o(.ARM.Collect$$rtentry$$0000000A) for .ARM.Collect$$rtentry$$0000000A
    __rtentry2.o(.ARM.exidx) refers to __rtentry2.o(.ARM.Collect$$rtentry$$0000000B) for .ARM.Collect$$rtentry$$0000000B
    __rtentry2.o(.ARM.exidx) refers to __rtentry2.o(.ARM.Collect$$rtentry$$0000000D) for .ARM.Collect$$rtentry$$0000000D
    __rtentry4.o(.ARM.Collect$$rtentry$$00000004) refers to sys_stackheap_outer.o(.text) for __user_setup_stackheap
    __rtentry4.o(.ARM.exidx) refers to __rtentry4.o(.ARM.Collect$$rtentry$$00000004) for .ARM.Collect$$rtentry$$00000004
    rt_div0.o(.text) refers to defsig_fpe_outer.o(.text) for __rt_SIGFPE
    sys_stackheap_outer.o(.text) refers to libspace.o(.text) for __user_perproc_libspace
    sys_stackheap_outer.o(.text) refers to startup_ht32f52342_52.o(RESET) for __user_initial_stackheap
    sys_stackheap_outer.o(__vectab_stack_and_reset_area) refers to tempstk.o(.text) for __temporary_stack_top
    sys_stackheap_outer.o(__vectab_stack_and_reset_area) refers to __main.o(!!!main) for __main
    exit.o(.text) refers to rtexit.o(.ARM.Collect$$rtexit$$00000000) for __rt_exit
    defsig_fpe_outer.o(.text) refers to defsig_fpe_inner.o(.text) for __rt_SIGFPE_inner
    defsig_fpe_outer.o(.text) refers to defsig_exit.o(.text) for __sig_exit
    defsig_fpe_formal.o(.text) refers to rt_raise.o(.text) for __rt_raise
    libinit.o(.ARM.Collect$$libinit$$00000000) refers (Special) to libinit2.o(.ARM.Collect$$libinit$$0000002E) for __rt_lib_init_alloca_1
    libinit.o(.ARM.Collect$$libinit$$00000000) refers (Special) to libinit2.o(.ARM.Collect$$libinit$$0000002C) for __rt_lib_init_argv_1
    libinit.o(.ARM.Collect$$libinit$$00000000) refers (Special) to libinit2.o(.ARM.Collect$$libinit$$0000001B) for __rt_lib_init_atexit_1
    libinit.o(.ARM.Collect$$libinit$$00000000) refers (Special) to libinit2.o(.ARM.Collect$$libinit$$00000021) for __rt_lib_init_clock_1
    libinit.o(.ARM.Collect$$libinit$$00000000) refers (Special) to libinit2.o(.ARM.Collect$$libinit$$00000032) for __rt_lib_init_cpp_1
    libinit.o(.ARM.Collect$$libinit$$00000000) refers (Special) to libinit2.o(.ARM.Collect$$libinit$$00000030) for __rt_lib_init_exceptions_1
    libinit.o(.ARM.Collect$$libinit$$00000000) refers (Special) to libinit2.o(.ARM.Collect$$libinit$$00000002) for __rt_lib_init_fp_1
    libinit.o(.ARM.Collect$$libinit$$00000000) refers (Special) to libinit2.o(.ARM.Collect$$libinit$$0000001F) for __rt_lib_init_fp_trap_1
    libinit.o(.ARM.Collect$$libinit$$00000000) refers (Special) to libinit2.o(.ARM.Collect$$libinit$$00000023) for __rt_lib_init_getenv_1
    libinit.o(.ARM.Collect$$libinit$$00000000) refers (Special) to libinit2.o(.ARM.Collect$$libinit$$0000000A) for __rt_lib_init_heap_1
    libinit.o(.ARM.Collect$$libinit$$00000000) refers (Special) to libinit2.o(.ARM.Collect$$libinit$$00000011) for __rt_lib_init_lc_collate_1
    libinit.o(.ARM.Collect$$libinit$$00000000) refers (Special) to libinit2.o(.ARM.Collect$$libinit$$00000013) for __rt_lib_init_lc_ctype_1
    libinit.o(.ARM.Collect$$libinit$$00000000) refers (Special) to libinit2.o(.ARM.Collect$$libinit$$00000015) for __rt_lib_init_lc_monetary_1
    libinit.o(.ARM.Collect$$libinit$$00000000) refers (Special) to libinit2.o(.ARM.Collect$$libinit$$00000017) for __rt_lib_init_lc_numeric_1
    libinit.o(.ARM.Collect$$libinit$$00000000) refers (Special) to libinit2.o(.ARM.Collect$$libinit$$00000019) for __rt_lib_init_lc_time_1
    libinit.o(.ARM.Collect$$libinit$$00000000) refers (Special) to libinit2.o(.ARM.Collect$$libinit$$00000004) for __rt_lib_init_preinit_1
    libinit.o(.ARM.Collect$$libinit$$00000000) refers (Special) to libinit2.o(.ARM.Collect$$libinit$$0000000E) for __rt_lib_init_rand_1
    libinit.o(.ARM.Collect$$libinit$$00000000) refers (Special) to libinit2.o(.ARM.Collect$$libinit$$00000033) for __rt_lib_init_return
    libinit.o(.ARM.Collect$$libinit$$00000000) refers (Special) to libinit2.o(.ARM.Collect$$libinit$$0000001D) for __rt_lib_init_signal_1
    libinit.o(.ARM.Collect$$libinit$$00000000) refers (Special) to libinit2.o(.ARM.Collect$$libinit$$00000025) for __rt_lib_init_stdio_1
    libinit.o(.ARM.Collect$$libinit$$00000000) refers (Special) to libinit2.o(.ARM.Collect$$libinit$$0000000C) for __rt_lib_init_user_alloc_1
    libspace.o(.text) refers to libspace.o(.bss) for __libspace_start
    rtexit.o(.ARM.Collect$$rtexit$$00000000) refers (Special) to rtexit2.o(.ARM.Collect$$rtexit$$00000004) for __rt_exit_exit
    rtexit.o(.ARM.Collect$$rtexit$$00000000) refers (Special) to rtexit2.o(.ARM.Collect$$rtexit$$00000003) for __rt_exit_ls
    rtexit.o(.ARM.Collect$$rtexit$$00000000) refers (Special) to rtexit2.o(.ARM.Collect$$rtexit$$00000002) for __rt_exit_prels_1
    rtexit.o(.ARM.exidx) refers (Special) to rtexit2.o(.ARM.Collect$$rtexit$$00000004) for __rt_exit_exit
    rtexit.o(.ARM.exidx) refers (Special) to rtexit2.o(.ARM.Collect$$rtexit$$00000003) for __rt_exit_ls
    rtexit.o(.ARM.exidx) refers (Special) to rtexit2.o(.ARM.Collect$$rtexit$$00000002) for __rt_exit_prels_1
    rtexit.o(.ARM.exidx) refers to rtexit.o(.ARM.Collect$$rtexit$$00000000) for .ARM.Collect$$rtexit$$00000000
    rt_raise.o(.text) refers to __raise.o(.text) for __raise
    rt_raise.o(.text) refers to sys_exit.o(.text) for _sys_exit
    defsig_exit.o(.text) refers to sys_exit.o(.text) for _sys_exit
    defsig_fpe_inner.o(.text) refers to defsig_general.o(.text) for __default_signal_display
    libinit2.o(.ARM.Collect$$libinit$$00000010) refers to libinit2.o(.ARM.Collect$$libinit$$0000000F) for .ARM.Collect$$libinit$$0000000F
    libinit2.o(.ARM.Collect$$libinit$$00000012) refers to libinit2.o(.ARM.Collect$$libinit$$0000000F) for .ARM.Collect$$libinit$$0000000F
    libinit2.o(.ARM.Collect$$libinit$$00000014) refers to libinit2.o(.ARM.Collect$$libinit$$0000000F) for .ARM.Collect$$libinit$$0000000F
    libinit2.o(.ARM.Collect$$libinit$$00000016) refers to libinit2.o(.ARM.Collect$$libinit$$0000000F) for .ARM.Collect$$libinit$$0000000F
    libinit2.o(.ARM.Collect$$libinit$$00000018) refers to libinit2.o(.ARM.Collect$$libinit$$0000000F) for .ARM.Collect$$libinit$$0000000F
    libinit2.o(.ARM.Collect$$libinit$$00000026) refers to argv_veneer.o(.text) for __ARM_argv_veneer
    libinit2.o(.ARM.Collect$$libinit$$00000027) refers to argv_veneer.o(.text) for __ARM_argv_veneer
    sys_exit.o(.text) refers (Special) to use_no_semi.o(.text) for __I$use$semihosting
    sys_exit.o(.text) refers (Special) to indicate_semi.o(.text) for __semihosting_library_function
    rtexit2.o(.ARM.Collect$$rtexit$$00000003) refers to libshutdown.o(.ARM.Collect$$libshutdown$$00000000) for __rt_lib_shutdown
    rtexit2.o(.ARM.Collect$$rtexit$$00000004) refers to sys_exit.o(.text) for _sys_exit
    rtexit2.o(.ARM.exidx) refers to rtexit2.o(.ARM.Collect$$rtexit$$00000001) for .ARM.Collect$$rtexit$$00000001
    rtexit2.o(.ARM.exidx) refers to rtexit2.o(.ARM.Collect$$rtexit$$00000003) for .ARM.Collect$$rtexit$$00000003
    rtexit2.o(.ARM.exidx) refers to rtexit2.o(.ARM.Collect$$rtexit$$00000004) for .ARM.Collect$$rtexit$$00000004
    __raise.o(.text) refers to defsig.o(CL$$defsig) for __default_signal_handler
    defsig_general.o(.text) refers to sys_wrch.o(.text) for _ttywrch
    sys_wrch.o(.text) refers (Special) to use_no_semi.o(.text) for __I$use$semihosting
    sys_wrch.o(.text) refers (Special) to indicate_semi.o(.text) for __semihosting_library_function
    defsig.o(CL$$defsig) refers to defsig_fpe_inner.o(.text) for __rt_SIGFPE_inner
    defsig.o(CL$$defsig) refers to defsig_rtmem_inner.o(.text) for __rt_SIGRTMEM_inner
    _get_argv_nomalloc.o(.text) refers (Special) to hrguard.o(.text) for __heap_region$guard
    _get_argv_nomalloc.o(.text) refers to defsig_rtmem_outer.o(.text) for __rt_SIGRTMEM
    _get_argv_nomalloc.o(.text) refers to sys_command.o(.text) for _sys_command_string
    libshutdown.o(.ARM.Collect$$libshutdown$$00000000) refers (Special) to libshutdown2.o(.ARM.Collect$$libshutdown$$00000002) for __rt_lib_shutdown_cpp_1
    libshutdown.o(.ARM.Collect$$libshutdown$$00000000) refers (Special) to libshutdown2.o(.ARM.Collect$$libshutdown$$00000007) for __rt_lib_shutdown_fp_trap_1
    libshutdown.o(.ARM.Collect$$libshutdown$$00000000) refers (Special) to libshutdown2.o(.ARM.Collect$$libshutdown$$0000000F) for __rt_lib_shutdown_heap_1
    libshutdown.o(.ARM.Collect$$libshutdown$$00000000) refers (Special) to libshutdown2.o(.ARM.Collect$$libshutdown$$00000010) for __rt_lib_shutdown_return
    libshutdown.o(.ARM.Collect$$libshutdown$$00000000) refers (Special) to libshutdown2.o(.ARM.Collect$$libshutdown$$0000000A) for __rt_lib_shutdown_signal_1
    libshutdown.o(.ARM.Collect$$libshutdown$$00000000) refers (Special) to libshutdown2.o(.ARM.Collect$$libshutdown$$00000004) for __rt_lib_shutdown_stdio_1
    libshutdown.o(.ARM.Collect$$libshutdown$$00000000) refers (Special) to libshutdown2.o(.ARM.Collect$$libshutdown$$0000000C) for __rt_lib_shutdown_user_alloc_1
    sys_command.o(.text) refers (Special) to use_no_semi.o(.text) for __I$use$semihosting
    sys_command.o(.text) refers (Special) to indicate_semi.o(.text) for __semihosting_library_function
    defsig_abrt_inner.o(.text) refers to defsig_general.o(.text) for __default_signal_display
    defsig_rtred_inner.o(.text) refers to defsig_general.o(.text) for __default_signal_display
    defsig_rtmem_inner.o(.text) refers to defsig_general.o(.text) for __default_signal_display
    defsig_rtmem_outer.o(.text) refers to defsig_rtmem_inner.o(.text) for __rt_SIGRTMEM_inner
    defsig_rtmem_outer.o(.text) refers to defsig_exit.o(.text) for __sig_exit
    defsig_rtmem_formal.o(.text) refers to rt_raise.o(.text) for __rt_raise
    defsig_stak_inner.o(.text) refers to defsig_general.o(.text) for __default_signal_display
    defsig_pvfn_inner.o(.text) refers to defsig_general.o(.text) for __default_signal_display
    defsig_cppl_inner.o(.text) refers to defsig_general.o(.text) for __default_signal_display
    defsig_segv_inner.o(.text) refers to defsig_general.o(.text) for __default_signal_display
    defsig_other.o(.text) refers to defsig_general.o(.text) for __default_signal_display


==============================================================================

Removing Unused input sections from the image.

    Removing main.o(.rev16_text), (4 bytes).
    Removing main.o(.revsh_text), (4 bytes).
    Removing system_ht32f5xxxx_01.o(.rev16_text), (4 bytes).
    Removing system_ht32f5xxxx_01.o(.revsh_text), (4 bytes).
    Removing system_ht32f5xxxx_01.o(i.SystemCoreClockUpdate), (180 bytes).
    Removing system_ht32f5xxxx_01.o(.data), (4 bytes).

6 unused section(s) (total 200 bytes) removed from the image.

==============================================================================

Image Symbol Table

    Local Symbols

    Symbol Name                              Value     Ov Type        Size  Object(Section)

    RESET                                    0x00000000   Section      380  startup_ht32f52342_52.o(RESET)
    ../clib/angel/boardlib.s                 0x00000000   Number         0  boardinit3.o ABSOLUTE
    ../clib/angel/boardlib.s                 0x00000000   Number         0  boardinit1.o ABSOLUTE
    ../clib/angel/boardlib.s                 0x00000000   Number         0  boardinit2.o ABSOLUTE
    ../clib/angel/boardlib.s                 0x00000000   Number         0  boardshut.o ABSOLUTE
    ../clib/angel/handlers.s                 0x00000000   Number         0  __scatter_zi.o ABSOLUTE
    ../clib/angel/handlers.s                 0x00000000   Number         0  __scatter_copy.o ABSOLUTE
    ../clib/angel/kernel.s                   0x00000000   Number         0  rtexit2.o ABSOLUTE
    ../clib/angel/kernel.s                   0x00000000   Number         0  rtexit.o ABSOLUTE
    ../clib/angel/kernel.s                   0x00000000   Number         0  __rtentry4.o ABSOLUTE
    ../clib/angel/kernel.s                   0x00000000   Number         0  __rtentry2.o ABSOLUTE
    ../clib/angel/kernel.s                   0x00000000   Number         0  __rtentry.o ABSOLUTE
    ../clib/angel/rt.s                       0x00000000   Number         0  rt_div0.o ABSOLUTE
    ../clib/angel/rt.s                       0x00000000   Number         0  rt_raise.o ABSOLUTE
    ../clib/angel/rt.s                       0x00000000   Number         0  aeabi_idiv0_sigfpe.o ABSOLUTE
    ../clib/angel/rt.s                       0x00000000   Number         0  aeabi_idiv0.o ABSOLUTE
    ../clib/angel/scatterp.s                 0x00000000   Number         0  __scatter.o ABSOLUTE
    ../clib/angel/startup.s                  0x00000000   Number         0  __main.o ABSOLUTE
    ../clib/angel/sys.s                      0x00000000   Number         0  tempstk.o ABSOLUTE
    ../clib/angel/sys.s                      0x00000000   Number         0  libspace.o ABSOLUTE
    ../clib/angel/sys.s                      0x00000000   Number         0  sys_stackheap_outer.o ABSOLUTE
    ../clib/angel/sys.s                      0x00000000   Number         0  use_no_semi.o ABSOLUTE
    ../clib/angel/sys.s                      0x00000000   Number         0  indicate_semi.o ABSOLUTE
    ../clib/angel/sysapp.c                   0x00000000   Number         0  sys_exit.o ABSOLUTE
    ../clib/angel/sysapp.c                   0x00000000   Number         0  sys_wrch.o ABSOLUTE
    ../clib/angel/sysapp.c                   0x00000000   Number         0  sys_command.o ABSOLUTE
    ../clib/armsys.c                         0x00000000   Number         0  argv_veneer.o ABSOLUTE
    ../clib/armsys.c                         0x00000000   Number         0  _get_argv_nomalloc.o ABSOLUTE
    ../clib/armsys.c                         0x00000000   Number         0  no_argv.o ABSOLUTE
    ../clib/division.s                       0x00000000   Number         0  aeabi_sdiv_div0.o ABSOLUTE
    ../clib/division.s                       0x00000000   Number         0  aeabi_sdiv.o ABSOLUTE
    ../clib/heapalloc.c                      0x00000000   Number         0  hrguard.o ABSOLUTE
    ../clib/heapaux.c                        0x00000000   Number         0  heapauxi.o ABSOLUTE
    ../clib/libinit.s                        0x00000000   Number         0  libinit2.o ABSOLUTE
    ../clib/libinit.s                        0x00000000   Number         0  libshutdown2.o ABSOLUTE
    ../clib/libinit.s                        0x00000000   Number         0  libshutdown.o ABSOLUTE
    ../clib/libinit.s                        0x00000000   Number         0  libinit.o ABSOLUTE
    ../clib/signal.c                         0x00000000   Number         0  defsig_rtmem_outer.o ABSOLUTE
    ../clib/signal.c                         0x00000000   Number         0  defsig_general.o ABSOLUTE
    ../clib/signal.c                         0x00000000   Number         0  defsig_fpe_outer.o ABSOLUTE
    ../clib/signal.c                         0x00000000   Number         0  defsig_fpe_formal.o ABSOLUTE
    ../clib/signal.c                         0x00000000   Number         0  defsig_segv_inner.o ABSOLUTE
    ../clib/signal.c                         0x00000000   Number         0  defsig_abrt_inner.o ABSOLUTE
    ../clib/signal.c                         0x00000000   Number         0  defsig_rtred_inner.o ABSOLUTE
    ../clib/signal.c                         0x00000000   Number         0  defsig_other.o ABSOLUTE
    ../clib/signal.c                         0x00000000   Number         0  __raise.o ABSOLUTE
    ../clib/signal.c                         0x00000000   Number         0  defsig_rtmem_inner.o ABSOLUTE
    ../clib/signal.c                         0x00000000   Number         0  defsig_pvfn_inner.o ABSOLUTE
    ../clib/signal.c                         0x00000000   Number         0  defsig_exit.o ABSOLUTE
    ../clib/signal.c                         0x00000000   Number         0  defsig_rtmem_formal.o ABSOLUTE
    ../clib/signal.c                         0x00000000   Number         0  defsig_stak_inner.o ABSOLUTE
    ../clib/signal.c                         0x00000000   Number         0  defsig_cppl_inner.o ABSOLUTE
    ../clib/signal.c                         0x00000000   Number         0  defsig_fpe_inner.o ABSOLUTE
    ../clib/signal.s                         0x00000000   Number         0  defsig.o ABSOLUTE
    ../clib/stdlib.c                         0x00000000   Number         0  exit.o ABSOLUTE
    ../fplib/cfplib/fpinit.c                 0x00000000   Number         0  fpinit.o ABSOLUTE
    RTE\Device\HT32F52352\startup_ht32f52342_52.s 0x00000000   Number         0  startup_ht32f52342_52.o ABSOLUTE
    RTE\Device\HT32F52352\system_ht32f5xxxx_01.c 0x00000000   Number         0  system_ht32f5xxxx_01.o ABSOLUTE
    RTE\\Device\\HT32F52352\\system_ht32f5xxxx_01.c 0x00000000   Number         0  system_ht32f5xxxx_01.o ABSOLUTE
    dc.s                                     0x00000000   Number         0  dc.o ABSOLUTE
    main.c                                   0x00000000   Number         0  main.o ABSOLUTE
    main.c                                   0x00000000   Number         0  main.o ABSOLUTE
    BootProcess                              0x000000cd   Thumb Code    94  startup_ht32f52342_52.o(RESET)
    !!!main                                  0x0000017c   Section        8  __main.o(!!!main)
    !!!scatter                               0x00000184   Section       60  __scatter.o(!!!scatter)
    !!handler_copy                           0x000001c0   Section       26  __scatter_copy.o(!!handler_copy)
    !!handler_zi                             0x000001dc   Section       28  __scatter_zi.o(!!handler_zi)
    .ARM.Collect$$libinit$$00000000          0x000001f8   Section        2  libinit.o(.ARM.Collect$$libinit$$00000000)
    .ARM.Collect$$libinit$$00000002          0x000001fa   Section        0  libinit2.o(.ARM.Collect$$libinit$$00000002)
    .ARM.Collect$$libinit$$00000004          0x000001fa   Section        0  libinit2.o(.ARM.Collect$$libinit$$00000004)
    .ARM.Collect$$libinit$$0000000A          0x000001fa   Section        0  libinit2.o(.ARM.Collect$$libinit$$0000000A)
    .ARM.Collect$$libinit$$0000000C          0x000001fa   Section        0  libinit2.o(.ARM.Collect$$libinit$$0000000C)
    .ARM.Collect$$libinit$$0000000E          0x000001fa   Section        0  libinit2.o(.ARM.Collect$$libinit$$0000000E)
    .ARM.Collect$$libinit$$00000011          0x000001fa   Section        0  libinit2.o(.ARM.Collect$$libinit$$00000011)
    .ARM.Collect$$libinit$$00000013          0x000001fa   Section        0  libinit2.o(.ARM.Collect$$libinit$$00000013)
    .ARM.Collect$$libinit$$00000015          0x000001fa   Section        0  libinit2.o(.ARM.Collect$$libinit$$00000015)
    .ARM.Collect$$libinit$$00000017          0x000001fa   Section        0  libinit2.o(.ARM.Collect$$libinit$$00000017)
    .ARM.Collect$$libinit$$00000019          0x000001fa   Section        0  libinit2.o(.ARM.Collect$$libinit$$00000019)
    .ARM.Collect$$libinit$$0000001B          0x000001fa   Section        0  libinit2.o(.ARM.Collect$$libinit$$0000001B)
    .ARM.Collect$$libinit$$0000001D          0x000001fa   Section        0  libinit2.o(.ARM.Collect$$libinit$$0000001D)
    .ARM.Collect$$libinit$$0000001F          0x000001fa   Section        0  libinit2.o(.ARM.Collect$$libinit$$0000001F)
    .ARM.Collect$$libinit$$00000021          0x000001fa   Section        0  libinit2.o(.ARM.Collect$$libinit$$00000021)
    .ARM.Collect$$libinit$$00000023          0x000001fa   Section        0  libinit2.o(.ARM.Collect$$libinit$$00000023)
    .ARM.Collect$$libinit$$00000025          0x000001fa   Section        0  libinit2.o(.ARM.Collect$$libinit$$00000025)
    .ARM.Collect$$libinit$$0000002C          0x000001fa   Section        0  libinit2.o(.ARM.Collect$$libinit$$0000002C)
    .ARM.Collect$$libinit$$0000002E          0x000001fa   Section        0  libinit2.o(.ARM.Collect$$libinit$$0000002E)
    .ARM.Collect$$libinit$$00000030          0x000001fa   Section        0  libinit2.o(.ARM.Collect$$libinit$$00000030)
    .ARM.Collect$$libinit$$00000032          0x000001fa   Section        0  libinit2.o(.ARM.Collect$$libinit$$00000032)
    .ARM.Collect$$libinit$$00000033          0x000001fa   Section        2  libinit2.o(.ARM.Collect$$libinit$$00000033)
    .ARM.Collect$$libshutdown$$00000000      0x000001fc   Section        2  libshutdown.o(.ARM.Collect$$libshutdown$$00000000)
    .ARM.Collect$$libshutdown$$00000002      0x000001fe   Section        0  libshutdown2.o(.ARM.Collect$$libshutdown$$00000002)
    .ARM.Collect$$libshutdown$$00000004      0x000001fe   Section        0  libshutdown2.o(.ARM.Collect$$libshutdown$$00000004)
    .ARM.Collect$$libshutdown$$00000007      0x000001fe   Section        0  libshutdown2.o(.ARM.Collect$$libshutdown$$00000007)
    .ARM.Collect$$libshutdown$$0000000A      0x000001fe   Section        0  libshutdown2.o(.ARM.Collect$$libshutdown$$0000000A)
    .ARM.Collect$$libshutdown$$0000000C      0x000001fe   Section        0  libshutdown2.o(.ARM.Collect$$libshutdown$$0000000C)
    .ARM.Collect$$libshutdown$$0000000F      0x000001fe   Section        0  libshutdown2.o(.ARM.Collect$$libshutdown$$0000000F)
    .ARM.Collect$$libshutdown$$00000010      0x000001fe   Section        2  libshutdown2.o(.ARM.Collect$$libshutdown$$00000010)
    .ARM.Collect$$rtentry$$00000000          0x00000200   Section        0  __rtentry.o(.ARM.Collect$$rtentry$$00000000)
    .ARM.Collect$$rtentry$$00000002          0x00000200   Section        0  __rtentry2.o(.ARM.Collect$$rtentry$$00000002)
    .ARM.Collect$$rtentry$$00000004          0x00000200   Section        6  __rtentry4.o(.ARM.Collect$$rtentry$$00000004)
    .ARM.Collect$$rtentry$$00000009          0x00000206   Section        0  __rtentry2.o(.ARM.Collect$$rtentry$$00000009)
    .ARM.Collect$$rtentry$$0000000A          0x00000206   Section        4  __rtentry2.o(.ARM.Collect$$rtentry$$0000000A)
    .ARM.Collect$$rtentry$$0000000C          0x0000020a   Section        0  __rtentry2.o(.ARM.Collect$$rtentry$$0000000C)
    .ARM.Collect$$rtentry$$0000000D          0x0000020a   Section        8  __rtentry2.o(.ARM.Collect$$rtentry$$0000000D)
    .ARM.Collect$$rtexit$$00000000           0x00000212   Section        2  rtexit.o(.ARM.Collect$$rtexit$$00000000)
    .ARM.Collect$$rtexit$$00000002           0x00000214   Section        0  rtexit2.o(.ARM.Collect$$rtexit$$00000002)
    .ARM.Collect$$rtexit$$00000003           0x00000214   Section        4  rtexit2.o(.ARM.Collect$$rtexit$$00000003)
    .ARM.Collect$$rtexit$$00000004           0x00000218   Section        6  rtexit2.o(.ARM.Collect$$rtexit$$00000004)
    .text                                    0x0000021e   Section      346  aeabi_sdiv.o(.text)
    .text                                    0x00000378   Section        0  heapauxi.o(.text)
    .text                                    0x0000037e   Section       62  sys_stackheap_outer.o(.text)
    .text                                    0x000003bc   Section        0  exit.o(.text)
    .text                                    0x000003cc   Section        8  libspace.o(.text)
    .text                                    0x000003d4   Section        0  sys_exit.o(.text)
    .text                                    0x000003e0   Section        2  use_no_semi.o(.text)
    .text                                    0x000003e2   Section        0  indicate_semi.o(.text)
    i.ADC_Init                               0x000003e4   Section        0  main.o(i.ADC_Init)
    i.ADC_read                               0x0000048c   Section        0  main.o(i.ADC_read)
    i.Delay                                  0x000004b8   Section        0  main.o(i.Delay)
    i.EXTI0_1_IRQHandler                     0x000004d0   Section        0  main.o(i.EXTI0_1_IRQHandler)
    i.EXTI2_3_IRQHandler                     0x00000514   Section        0  main.o(i.EXTI2_3_IRQHandler)
    i.GPTM0_IRQHandler                       0x00000530   Section        0  main.o(i.GPTM0_IRQHandler)
    i.GPTM0_Init                             0x00000554   Section        0  main.o(i.GPTM0_Init)
    i.Key1_interrupt_Int                     0x000005f0   Section        0  main.o(i.Key1_interrupt_Int)
    i.Key2_interrupt_Int                     0x00000674   Section        0  main.o(i.Key2_interrupt_Int)
    i.SysTick_Handler                        0x000006fc   Section        0  main.o(i.SysTick_Handler)
    i.SystemInit                             0x0000070c   Section        0  system_ht32f5xxxx_01.o(i.SystemInit)
    i.__NVIC_EnableIRQ                       0x00000884   Section        0  main.o(i.__NVIC_EnableIRQ)
    __NVIC_EnableIRQ                         0x00000885   Thumb Code    18  main.o(i.__NVIC_EnableIRQ)
    i.__NVIC_SetPriority                     0x0000089c   Section        0  main.o(i.__NVIC_SetPriority)
    __NVIC_SetPriority                       0x0000089d   Thumb Code   110  main.o(i.__NVIC_SetPriority)
    i.main                                   0x00000914   Section        0  main.o(i.main)
    .data                                    0x20000000   Section       32  main.o(.data)
    .bss                                     0x20000020   Section       96  libspace.o(.bss)
    HEAP                                     0x20000080   Section        0  startup_ht32f52342_52.o(HEAP)
    STACK                                    0x20000080   Section      512  startup_ht32f52342_52.o(STACK)
    Heap_Mem                                 0x20000080   Data           0  startup_ht32f52342_52.o(HEAP)
    Stack_Mem                                0x20000080   Data         512  startup_ht32f52342_52.o(STACK)
    __initial_sp                             0x20000280   Data           0  startup_ht32f52342_52.o(STACK)

    Global Symbols

    Symbol Name                              Value     Ov Type        Size  Object(Section)

    BuildAttributes$$THM_ISAv3M$S$PE$A:L22$X:L11$S22$IEEE1$IW$USESV6$~STKCKD$USESV7$~SHL$OSPACE$ROPI$EBA8$UX$STANDARDLIB$REQ8$PRES8$EABIv2 0x00000000   Number         0  anon$$obj.o ABSOLUTE
    __ARM_use_no_argv                        0x00000000   Number         0  main.o ABSOLUTE
    __Vectors                                0x00000000   Data           0  startup_ht32f52342_52.o(RESET)
    __ARM_exceptions_init                     - Undefined Weak Reference
    __alloca_initialize                       - Undefined Weak Reference
    __arm_preinit_                            - Undefined Weak Reference
    __cpp_initialize__aeabi_                  - Undefined Weak Reference
    __cxa_finalize                            - Undefined Weak Reference
    __rt_locale                               - Undefined Weak Reference
    __sigvec_lookup                           - Undefined Weak Reference
    _atexit_init                              - Undefined Weak Reference
    _call_atexit_fns                          - Undefined Weak Reference
    _clock_init                               - Undefined Weak Reference
    _fp_trap_init                             - Undefined Weak Reference
    _fp_trap_shutdown                         - Undefined Weak Reference
    _get_lc_collate                           - Undefined Weak Reference
    _get_lc_ctype                             - Undefined Weak Reference
    _get_lc_monetary                          - Undefined Weak Reference
    _get_lc_numeric                           - Undefined Weak Reference
    _get_lc_time                              - Undefined Weak Reference
    _getenv_init                              - Undefined Weak Reference
    _handle_redirection                       - Undefined Weak Reference
    _init_alloc                               - Undefined Weak Reference
    _init_user_alloc                          - Undefined Weak Reference
    _initio                                   - Undefined Weak Reference
    _rand_init                                - Undefined Weak Reference
    _signal_finish                            - Undefined Weak Reference
    _signal_init                              - Undefined Weak Reference
    _terminate_alloc                          - Undefined Weak Reference
    _terminate_user_alloc                     - Undefined Weak Reference
    _terminateio                              - Undefined Weak Reference
    Reset_Handler                            0x000000c1   Thumb Code    12  startup_ht32f52342_52.o(RESET)
    NMI_Handler                              0x0000012b   Thumb Code     2  startup_ht32f52342_52.o(RESET)
    HardFault_Handler                        0x0000012d   Thumb Code     2  startup_ht32f52342_52.o(RESET)
    SVC_Handler                              0x0000012f   Thumb Code     2  startup_ht32f52342_52.o(RESET)
    PendSV_Handler                           0x00000131   Thumb Code     2  startup_ht32f52342_52.o(RESET)
    ADC_IRQHandler                           0x00000135   Thumb Code     0  startup_ht32f52342_52.o(RESET)
    AES_IRQHandler                           0x00000135   Thumb Code     0  startup_ht32f52342_52.o(RESET)
    BFTM0_IRQHandler                         0x00000135   Thumb Code     0  startup_ht32f52342_52.o(RESET)
    BFTM1_IRQHandler                         0x00000135   Thumb Code     0  startup_ht32f52342_52.o(RESET)
    COMP_IRQHandler                          0x00000135   Thumb Code     0  startup_ht32f52342_52.o(RESET)
    EVWUP_IRQHandler                         0x00000135   Thumb Code     0  startup_ht32f52342_52.o(RESET)
    EXTI4_15_IRQHandler                      0x00000135   Thumb Code     0  startup_ht32f52342_52.o(RESET)
    FLASH_IRQHandler                         0x00000135   Thumb Code     0  startup_ht32f52342_52.o(RESET)
    GPTM1_IRQHandler                         0x00000135   Thumb Code     0  startup_ht32f52342_52.o(RESET)
    I2C0_IRQHandler                          0x00000135   Thumb Code     0  startup_ht32f52342_52.o(RESET)
    I2C1_IRQHandler                          0x00000135   Thumb Code     0  startup_ht32f52342_52.o(RESET)
    I2C2_IRQHandler                          0x00000135   Thumb Code     0  startup_ht32f52342_52.o(RESET)
    I2S_IRQHandler                           0x00000135   Thumb Code     0  startup_ht32f52342_52.o(RESET)
    LVD_BOD_IRQHandler                       0x00000135   Thumb Code     0  startup_ht32f52342_52.o(RESET)
    MCTM0_IRQHandler                         0x00000135   Thumb Code     0  startup_ht32f52342_52.o(RESET)
    MIDI_IRQHandler                          0x00000135   Thumb Code     0  startup_ht32f52342_52.o(RESET)
    PDMA_CH0_1_IRQHandler                    0x00000135   Thumb Code     0  startup_ht32f52342_52.o(RESET)
    PDMA_CH2_5_IRQHandler                    0x00000135   Thumb Code     0  startup_ht32f52342_52.o(RESET)
    PWM0_IRQHandler                          0x00000135   Thumb Code     0  startup_ht32f52342_52.o(RESET)
    PWM1_IRQHandler                          0x00000135   Thumb Code     0  startup_ht32f52342_52.o(RESET)
    QSPI_IRQHandler                          0x00000135   Thumb Code     0  startup_ht32f52342_52.o(RESET)
    RTC_IRQHandler                           0x00000135   Thumb Code     0  startup_ht32f52342_52.o(RESET)
    SCI_IRQHandler                           0x00000135   Thumb Code     0  startup_ht32f52342_52.o(RESET)
    SCTM0_IRQHandler                         0x00000135   Thumb Code     0  startup_ht32f52342_52.o(RESET)
    SCTM1_IRQHandler                         0x00000135   Thumb Code     0  startup_ht32f52342_52.o(RESET)
    SCTM2_IRQHandler                         0x00000135   Thumb Code     0  startup_ht32f52342_52.o(RESET)
    SCTM3_IRQHandler                         0x00000135   Thumb Code     0  startup_ht32f52342_52.o(RESET)
    SPI0_IRQHandler                          0x00000135   Thumb Code     0  startup_ht32f52342_52.o(RESET)
    SPI1_IRQHandler                          0x00000135   Thumb Code     0  startup_ht32f52342_52.o(RESET)
    UART0_IRQHandler                         0x00000135   Thumb Code     0  startup_ht32f52342_52.o(RESET)
    UART1_IRQHandler                         0x00000135   Thumb Code     0  startup_ht32f52342_52.o(RESET)
    UART2_IRQHandler                         0x00000135   Thumb Code     0  startup_ht32f52342_52.o(RESET)
    UART3_IRQHandler                         0x00000135   Thumb Code     0  startup_ht32f52342_52.o(RESET)
    USART0_IRQHandler                        0x00000135   Thumb Code     0  startup_ht32f52342_52.o(RESET)
    USART1_IRQHandler                        0x00000135   Thumb Code     0  startup_ht32f52342_52.o(RESET)
    USB_IRQHandler                           0x00000135   Thumb Code     0  startup_ht32f52342_52.o(RESET)
    __user_initial_stackheap                 0x00000139   Thumb Code     0  startup_ht32f52342_52.o(RESET)
    __main                                   0x0000017d   Thumb Code     8  __main.o(!!!main)
    __scatterload                            0x00000185   Thumb Code     0  __scatter.o(!!!scatter)
    __scatterload_rt2                        0x00000185   Thumb Code    52  __scatter.o(!!!scatter)
    __scatterload_rt2_thumb_only             0x00000185   Thumb Code     0  __scatter.o(!!!scatter)
    __scatterload_null                       0x00000195   Thumb Code     0  __scatter.o(!!!scatter)
    __scatterload_copy                       0x000001c1   Thumb Code    26  __scatter_copy.o(!!handler_copy)
    __scatterload_zeroinit                   0x000001dd   Thumb Code    28  __scatter_zi.o(!!handler_zi)
    __rt_lib_init                            0x000001f9   Thumb Code     0  libinit.o(.ARM.Collect$$libinit$$00000000)
    __rt_lib_init_alloca_1                   0x000001fb   Thumb Code     0  libinit2.o(.ARM.Collect$$libinit$$0000002E)
    __rt_lib_init_argv_1                     0x000001fb   Thumb Code     0  libinit2.o(.ARM.Collect$$libinit$$0000002C)
    __rt_lib_init_atexit_1                   0x000001fb   Thumb Code     0  libinit2.o(.ARM.Collect$$libinit$$0000001B)
    __rt_lib_init_clock_1                    0x000001fb   Thumb Code     0  libinit2.o(.ARM.Collect$$libinit$$00000021)
    __rt_lib_init_cpp_1                      0x000001fb   Thumb Code     0  libinit2.o(.ARM.Collect$$libinit$$00000032)
    __rt_lib_init_exceptions_1               0x000001fb   Thumb Code     0  libinit2.o(.ARM.Collect$$libinit$$00000030)
    __rt_lib_init_fp_1                       0x000001fb   Thumb Code     0  libinit2.o(.ARM.Collect$$libinit$$00000002)
    __rt_lib_init_fp_trap_1                  0x000001fb   Thumb Code     0  libinit2.o(.ARM.Collect$$libinit$$0000001F)
    __rt_lib_init_getenv_1                   0x000001fb   Thumb Code     0  libinit2.o(.ARM.Collect$$libinit$$00000023)
    __rt_lib_init_heap_1                     0x000001fb   Thumb Code     0  libinit2.o(.ARM.Collect$$libinit$$0000000A)
    __rt_lib_init_lc_collate_1               0x000001fb   Thumb Code     0  libinit2.o(.ARM.Collect$$libinit$$00000011)
    __rt_lib_init_lc_ctype_1                 0x000001fb   Thumb Code     0  libinit2.o(.ARM.Collect$$libinit$$00000013)
    __rt_lib_init_lc_monetary_1              0x000001fb   Thumb Code     0  libinit2.o(.ARM.Collect$$libinit$$00000015)
    __rt_lib_init_lc_numeric_1               0x000001fb   Thumb Code     0  libinit2.o(.ARM.Collect$$libinit$$00000017)
    __rt_lib_init_lc_time_1                  0x000001fb   Thumb Code     0  libinit2.o(.ARM.Collect$$libinit$$00000019)
    __rt_lib_init_preinit_1                  0x000001fb   Thumb Code     0  libinit2.o(.ARM.Collect$$libinit$$00000004)
    __rt_lib_init_rand_1                     0x000001fb   Thumb Code     0  libinit2.o(.ARM.Collect$$libinit$$0000000E)
    __rt_lib_init_return                     0x000001fb   Thumb Code     0  libinit2.o(.ARM.Collect$$libinit$$00000033)
    __rt_lib_init_signal_1                   0x000001fb   Thumb Code     0  libinit2.o(.ARM.Collect$$libinit$$0000001D)
    __rt_lib_init_stdio_1                    0x000001fb   Thumb Code     0  libinit2.o(.ARM.Collect$$libinit$$00000025)
    __rt_lib_init_user_alloc_1               0x000001fb   Thumb Code     0  libinit2.o(.ARM.Collect$$libinit$$0000000C)
    __rt_lib_shutdown                        0x000001fd   Thumb Code     0  libshutdown.o(.ARM.Collect$$libshutdown$$00000000)
    __rt_lib_shutdown_cpp_1                  0x000001ff   Thumb Code     0  libshutdown2.o(.ARM.Collect$$libshutdown$$00000002)
    __rt_lib_shutdown_fp_trap_1              0x000001ff   Thumb Code     0  libshutdown2.o(.ARM.Collect$$libshutdown$$00000007)
    __rt_lib_shutdown_heap_1                 0x000001ff   Thumb Code     0  libshutdown2.o(.ARM.Collect$$libshutdown$$0000000F)
    __rt_lib_shutdown_return                 0x000001ff   Thumb Code     0  libshutdown2.o(.ARM.Collect$$libshutdown$$00000010)
    __rt_lib_shutdown_signal_1               0x000001ff   Thumb Code     0  libshutdown2.o(.ARM.Collect$$libshutdown$$0000000A)
    __rt_lib_shutdown_stdio_1                0x000001ff   Thumb Code     0  libshutdown2.o(.ARM.Collect$$libshutdown$$00000004)
    __rt_lib_shutdown_user_alloc_1           0x000001ff   Thumb Code     0  libshutdown2.o(.ARM.Collect$$libshutdown$$0000000C)
    __rt_entry                               0x00000201   Thumb Code     0  __rtentry.o(.ARM.Collect$$rtentry$$00000000)
    __rt_entry_presh_1                       0x00000201   Thumb Code     0  __rtentry2.o(.ARM.Collect$$rtentry$$00000002)
    __rt_entry_sh                            0x00000201   Thumb Code     0  __rtentry4.o(.ARM.Collect$$rtentry$$00000004)
    __rt_entry_li                            0x00000207   Thumb Code     0  __rtentry2.o(.ARM.Collect$$rtentry$$0000000A)
    __rt_entry_postsh_1                      0x00000207   Thumb Code     0  __rtentry2.o(.ARM.Collect$$rtentry$$00000009)
    __rt_entry_main                          0x0000020b   Thumb Code     0  __rtentry2.o(.ARM.Collect$$rtentry$$0000000D)
    __rt_entry_postli_1                      0x0000020b   Thumb Code     0  __rtentry2.o(.ARM.Collect$$rtentry$$0000000C)
    __rt_exit                                0x00000213   Thumb Code     0  rtexit.o(.ARM.Collect$$rtexit$$00000000)
    __rt_exit_ls                             0x00000215   Thumb Code     0  rtexit2.o(.ARM.Collect$$rtexit$$00000003)
    __rt_exit_prels_1                        0x00000215   Thumb Code     0  rtexit2.o(.ARM.Collect$$rtexit$$00000002)
    __rt_exit_exit                           0x00000219   Thumb Code     0  rtexit2.o(.ARM.Collect$$rtexit$$00000004)
    __aeabi_uidiv                            0x0000021f   Thumb Code     0  aeabi_sdiv.o(.text)
    __aeabi_uidivmod                         0x0000021f   Thumb Code    20  aeabi_sdiv.o(.text)
    __aeabi_idiv                             0x00000233   Thumb Code     0  aeabi_sdiv.o(.text)
    __aeabi_idivmod                          0x00000233   Thumb Code   326  aeabi_sdiv.o(.text)
    __use_two_region_memory                  0x00000379   Thumb Code     2  heapauxi.o(.text)
    __rt_heap_escrow$2region                 0x0000037b   Thumb Code     2  heapauxi.o(.text)
    __rt_heap_expand$2region                 0x0000037d   Thumb Code     2  heapauxi.o(.text)
    __user_setup_stackheap                   0x0000037f   Thumb Code    62  sys_stackheap_outer.o(.text)
    exit                                     0x000003bd   Thumb Code    16  exit.o(.text)
    __user_libspace                          0x000003cd   Thumb Code     8  libspace.o(.text)
    __user_perproc_libspace                  0x000003cd   Thumb Code     0  libspace.o(.text)
    __user_perthread_libspace                0x000003cd   Thumb Code     0  libspace.o(.text)
    _sys_exit                                0x000003d5   Thumb Code     8  sys_exit.o(.text)
    __I$use$semihosting                      0x000003e1   Thumb Code     0  use_no_semi.o(.text)
    __use_no_semihosting_swi                 0x000003e1   Thumb Code     2  use_no_semi.o(.text)
    __semihosting_library_function           0x000003e3   Thumb Code     0  indicate_semi.o(.text)
    ADC_Init                                 0x000003e5   Thumb Code   154  main.o(i.ADC_Init)
    ADC_read                                 0x0000048d   Thumb Code    40  main.o(i.ADC_read)
    Delay                                    0x000004b9   Thumb Code    18  main.o(i.Delay)
    EXTI0_1_IRQHandler                       0x000004d1   Thumb Code    54  main.o(i.EXTI0_1_IRQHandler)
    EXTI2_3_IRQHandler                       0x00000515   Thumb Code    20  main.o(i.EXTI2_3_IRQHandler)
    GPTM0_IRQHandler                         0x00000531   Thumb Code    26  main.o(i.GPTM0_IRQHandler)
    GPTM0_Init                               0x00000555   Thumb Code   144  main.o(i.GPTM0_Init)
    Key1_interrupt_Int                       0x000005f1   Thumb Code   116  main.o(i.Key1_interrupt_Int)
    Key2_interrupt_Int                       0x00000675   Thumb Code   120  main.o(i.Key2_interrupt_Int)
    SysTick_Handler                          0x000006fd   Thumb Code    12  main.o(i.SysTick_Handler)
    SystemInit                               0x0000070d   Thumb Code   354  system_ht32f5xxxx_01.o(i.SystemInit)
    main                                     0x00000915   Thumb Code   432  main.o(i.main)
    Region$$Table$$Base                      0x00000af4   Number         0  anon$$obj.o(Region$$Table)
    Region$$Table$$Limit                     0x00000b14   Number         0  anon$$obj.o(Region$$Table)
    status1                                  0x20000000   Data           4  main.o(.data)
    status2                                  0x20000004   Data           4  main.o(.data)
    status                                   0x20000008   Data           2  main.o(.data)
    value                                    0x2000000c   Data           4  main.o(.data)
    count                                    0x20000010   Data           4  main.o(.data)
    count1                                   0x20000014   Data           4  main.o(.data)
    k                                        0x20000018   Data           4  main.o(.data)
    msTicks                                  0x2000001c   Data           4  main.o(.data)
    __libspace_start                         0x20000020   Data          96  libspace.o(.bss)
    __temporary_stack_top$libspace           0x20000080   Data           0  libspace.o(.bss)



==============================================================================

Memory Map of the image

  Image Entry point : 0x000000c1

  Load Region LR_1 (Base: 0x00000000, Size: 0x00000b34, Max: 0xffffffff, ABSOLUTE)

    Execution Region ER_RO (Exec base: 0x00000000, Load base: 0x00000000, Size: 0x00000b14, Max: 0xffffffff, ABSOLUTE)

    Exec Addr    Load Addr    Size         Type   Attr      Idx    E Section Name        Object

    0x00000000   0x00000000   0x0000017c   Code   RO          124  * RESET               startup_ht32f52342_52.o
    0x0000017c   0x0000017c   0x00000008   Code   RO          171  * !!!main             c_p.l(__main.o)
    0x00000184   0x00000184   0x0000003c   Code   RO          340    !!!scatter          c_p.l(__scatter.o)
    0x000001c0   0x000001c0   0x0000001a   Code   RO          342    !!handler_copy      c_p.l(__scatter_copy.o)
    0x000001da   0x000001da   0x00000002   PAD
    0x000001dc   0x000001dc   0x0000001c   Code   RO          344    !!handler_zi        c_p.l(__scatter_zi.o)
    0x000001f8   0x000001f8   0x00000002   Code   RO          209    .ARM.Collect$$libinit$$00000000  c_p.l(libinit.o)
    0x000001fa   0x000001fa   0x00000000   Code   RO          223    .ARM.Collect$$libinit$$00000002  c_p.l(libinit2.o)
    0x000001fa   0x000001fa   0x00000000   Code   RO          225    .ARM.Collect$$libinit$$00000004  c_p.l(libinit2.o)
    0x000001fa   0x000001fa   0x00000000   Code   RO          228    .ARM.Collect$$libinit$$0000000A  c_p.l(libinit2.o)
    0x000001fa   0x000001fa   0x00000000   Code   RO          230    .ARM.Collect$$libinit$$0000000C  c_p.l(libinit2.o)
    0x000001fa   0x000001fa   0x00000000   Code   RO          232    .ARM.Collect$$libinit$$0000000E  c_p.l(libinit2.o)
    0x000001fa   0x000001fa   0x00000000   Code   RO          235    .ARM.Collect$$libinit$$00000011  c_p.l(libinit2.o)
    0x000001fa   0x000001fa   0x00000000   Code   RO          237    .ARM.Collect$$libinit$$00000013  c_p.l(libinit2.o)
    0x000001fa   0x000001fa   0x00000000   Code   RO          239    .ARM.Collect$$libinit$$00000015  c_p.l(libinit2.o)
    0x000001fa   0x000001fa   0x00000000   Code   RO          241    .ARM.Collect$$libinit$$00000017  c_p.l(libinit2.o)
    0x000001fa   0x000001fa   0x00000000   Code   RO          243    .ARM.Collect$$libinit$$00000019  c_p.l(libinit2.o)
    0x000001fa   0x000001fa   0x00000000   Code   RO          245    .ARM.Collect$$libinit$$0000001B  c_p.l(libinit2.o)
    0x000001fa   0x000001fa   0x00000000   Code   RO          247    .ARM.Collect$$libinit$$0000001D  c_p.l(libinit2.o)
    0x000001fa   0x000001fa   0x00000000   Code   RO          249    .ARM.Collect$$libinit$$0000001F  c_p.l(libinit2.o)
    0x000001fa   0x000001fa   0x00000000   Code   RO          251    .ARM.Collect$$libinit$$00000021  c_p.l(libinit2.o)
    0x000001fa   0x000001fa   0x00000000   Code   RO          253    .ARM.Collect$$libinit$$00000023  c_p.l(libinit2.o)
    0x000001fa   0x000001fa   0x00000000   Code   RO          255    .ARM.Collect$$libinit$$00000025  c_p.l(libinit2.o)
    0x000001fa   0x000001fa   0x00000000   Code   RO          259    .ARM.Collect$$libinit$$0000002C  c_p.l(libinit2.o)
    0x000001fa   0x000001fa   0x00000000   Code   RO          261    .ARM.Collect$$libinit$$0000002E  c_p.l(libinit2.o)
    0x000001fa   0x000001fa   0x00000000   Code   RO          263    .ARM.Collect$$libinit$$00000030  c_p.l(libinit2.o)
    0x000001fa   0x000001fa   0x00000000   Code   RO          265    .ARM.Collect$$libinit$$00000032  c_p.l(libinit2.o)
    0x000001fa   0x000001fa   0x00000002   Code   RO          266    .ARM.Collect$$libinit$$00000033  c_p.l(libinit2.o)
    0x000001fc   0x000001fc   0x00000002   Code   RO          297    .ARM.Collect$$libshutdown$$00000000  c_p.l(libshutdown.o)
    0x000001fe   0x000001fe   0x00000000   Code   RO          323    .ARM.Collect$$libshutdown$$00000002  c_p.l(libshutdown2.o)
    0x000001fe   0x000001fe   0x00000000   Code   RO          325    .ARM.Collect$$libshutdown$$00000004  c_p.l(libshutdown2.o)
    0x000001fe   0x000001fe   0x00000000   Code   RO          328    .ARM.Collect$$libshutdown$$00000007  c_p.l(libshutdown2.o)
    0x000001fe   0x000001fe   0x00000000   Code   RO          331    .ARM.Collect$$libshutdown$$0000000A  c_p.l(libshutdown2.o)
    0x000001fe   0x000001fe   0x00000000   Code   RO          333    .ARM.Collect$$libshutdown$$0000000C  c_p.l(libshutdown2.o)
    0x000001fe   0x000001fe   0x00000000   Code   RO          336    .ARM.Collect$$libshutdown$$0000000F  c_p.l(libshutdown2.o)
    0x000001fe   0x000001fe   0x00000002   Code   RO          337    .ARM.Collect$$libshutdown$$00000010  c_p.l(libshutdown2.o)
    0x00000200   0x00000200   0x00000000   Code   RO          173    .ARM.Collect$$rtentry$$00000000  c_p.l(__rtentry.o)
    0x00000200   0x00000200   0x00000000   Code   RO          179    .ARM.Collect$$rtentry$$00000002  c_p.l(__rtentry2.o)
    0x00000200   0x00000200   0x00000006   Code   RO          191    .ARM.Collect$$rtentry$$00000004  c_p.l(__rtentry4.o)
    0x00000206   0x00000206   0x00000000   Code   RO          181    .ARM.Collect$$rtentry$$00000009  c_p.l(__rtentry2.o)
    0x00000206   0x00000206   0x00000004   Code   RO          182    .ARM.Collect$$rtentry$$0000000A  c_p.l(__rtentry2.o)
    0x0000020a   0x0000020a   0x00000000   Code   RO          184    .ARM.Collect$$rtentry$$0000000C  c_p.l(__rtentry2.o)
    0x0000020a   0x0000020a   0x00000008   Code   RO          185    .ARM.Collect$$rtentry$$0000000D  c_p.l(__rtentry2.o)
    0x00000212   0x00000212   0x00000002   Code   RO          214    .ARM.Collect$$rtexit$$00000000  c_p.l(rtexit.o)
    0x00000214   0x00000214   0x00000000   Code   RO          270    .ARM.Collect$$rtexit$$00000002  c_p.l(rtexit2.o)
    0x00000214   0x00000214   0x00000004   Code   RO          271    .ARM.Collect$$rtexit$$00000003  c_p.l(rtexit2.o)
    0x00000218   0x00000218   0x00000006   Code   RO          272    .ARM.Collect$$rtexit$$00000004  c_p.l(rtexit2.o)
    0x0000021e   0x0000021e   0x0000015a   Code   RO          165    .text               c_p.l(aeabi_sdiv.o)
    0x00000378   0x00000378   0x00000006   Code   RO          169    .text               c_p.l(heapauxi.o)
    0x0000037e   0x0000037e   0x0000003e   Code   RO          195    .text               c_p.l(sys_stackheap_outer.o)
    0x000003bc   0x000003bc   0x00000010   Code   RO          198    .text               c_p.l(exit.o)
    0x000003cc   0x000003cc   0x00000008   Code   RO          210    .text               c_p.l(libspace.o)
    0x000003d4   0x000003d4   0x0000000c   Code   RO          267    .text               c_p.l(sys_exit.o)
    0x000003e0   0x000003e0   0x00000002   Code   RO          286    .text               c_p.l(use_no_semi.o)
    0x000003e2   0x000003e2   0x00000000   Code   RO          288    .text               c_p.l(indicate_semi.o)
    0x000003e2   0x000003e2   0x00000002   PAD
    0x000003e4   0x000003e4   0x000000a8   Code   RO            3    i.ADC_Init          main.o
    0x0000048c   0x0000048c   0x0000002c   Code   RO            4    i.ADC_read          main.o
    0x000004b8   0x000004b8   0x00000018   Code   RO            5    i.Delay             main.o
    0x000004d0   0x000004d0   0x00000044   Code   RO            6    i.EXTI0_1_IRQHandler  main.o
    0x00000514   0x00000514   0x0000001c   Code   RO            7    i.EXTI2_3_IRQHandler  main.o
    0x00000530   0x00000530   0x00000024   Code   RO            8    i.GPTM0_IRQHandler  main.o
    0x00000554   0x00000554   0x0000009c   Code   RO            9    i.GPTM0_Init        main.o
    0x000005f0   0x000005f0   0x00000084   Code   RO           10    i.Key1_interrupt_Int  main.o
    0x00000674   0x00000674   0x00000088   Code   RO           11    i.Key2_interrupt_Int  main.o
    0x000006fc   0x000006fc   0x00000010   Code   RO           12    i.SysTick_Handler   main.o
    0x0000070c   0x0000070c   0x00000178   Code   RO          131    i.SystemInit        system_ht32f5xxxx_01.o
    0x00000884   0x00000884   0x00000018   Code   RO           13    i.__NVIC_EnableIRQ  main.o
    0x0000089c   0x0000089c   0x00000078   Code   RO           14    i.__NVIC_SetPriority  main.o
    0x00000914   0x00000914   0x000001e0   Code   RO           15    i.main              main.o
    0x00000af4   0x00000af4   0x00000020   Data   RO          338    Region$$Table       anon$$obj.o


    Execution Region ER_RW (Exec base: 0x20000000, Load base: 0x00000b14, Size: 0x00000020, Max: 0xffffffff, ABSOLUTE)

    Exec Addr    Load Addr    Size         Type   Attr      Idx    E Section Name        Object

    0x20000000   0x00000b14   0x00000020   Data   RW           16    .data               main.o


    Execution Region ER_ZI (Exec base: 0x20000020, Load base: 0x00000b34, Size: 0x00000260, Max: 0xffffffff, ABSOLUTE)

    Exec Addr    Load Addr    Size         Type   Attr      Idx    E Section Name        Object

    0x20000020        -       0x00000060   Zero   RW          211    .bss                c_p.l(libspace.o)
    0x20000080        -       0x00000000   Zero   RW          123    HEAP                startup_ht32f52342_52.o
    0x20000080        -       0x00000200   Zero   RW          122    STACK               startup_ht32f52342_52.o


==============================================================================

Image component sizes


      Code (inc. data)   RO Data    RW Data    ZI Data      Debug   Object Name

      1432        168          0         32          0      36449   main.o
       380        252          0          0        512        764   startup_ht32f52342_52.o
       376         22          0          0          0        657   system_ht32f5xxxx_01.o

    ----------------------------------------------------------------------
      2188        442         32         32        512      37870   Object Totals
         0          0         32          0          0          0   (incl. Generated)
         0          0          0          0          0          0   (incl. Padding)

    ----------------------------------------------------------------------

      Code (inc. data)   RO Data    RW Data    ZI Data      Debug   Library Member Name

         8          0          0          0          0         68   __main.o
         0          0          0          0          0          0   __rtentry.o
        12          0          0          0          0          0   __rtentry2.o
         6          0          0          0          0          0   __rtentry4.o
        60          8          0          0          0          0   __scatter.o
        26          0          0          0          0          0   __scatter_copy.o
        28          0          0          0          0          0   __scatter_zi.o
       346          0          0          0          0         92   aeabi_sdiv.o
        16          0          0          0          0         68   exit.o
         6          0          0          0          0        136   heapauxi.o
         0          0          0          0          0          0   indicate_semi.o
         2          0          0          0          0          0   libinit.o
         2          0          0          0          0          0   libinit2.o
         2          0          0          0          0          0   libshutdown.o
         2          0          0          0          0          0   libshutdown2.o
         8          4          0          0         96         68   libspace.o
         2          0          0          0          0          0   rtexit.o
        10          0          0          0          0          0   rtexit2.o
        12          4          0          0          0         60   sys_exit.o
        62          0          0          0          0         80   sys_stackheap_outer.o
         2          0          0          0          0         68   use_no_semi.o

    ----------------------------------------------------------------------
       616         16          0          0         96        640   Library Totals
         4          0          0          0          0          0   (incl. Padding)

    ----------------------------------------------------------------------

      Code (inc. data)   RO Data    RW Data    ZI Data      Debug   Library Name

       612         16          0          0         96        640   c_p.l

    ----------------------------------------------------------------------
       616         16          0          0         96        640   Library Totals

    ----------------------------------------------------------------------

==============================================================================


      Code (inc. data)   RO Data    RW Data    ZI Data      Debug   

      2804        458         32         32        608      37838   Grand Totals
      2804        458         32         32        608      37838   ELF Image Totals
      2804        458         32         32          0          0   ROM Totals

==============================================================================

    Total RO  Size (Code + RO Data)                 2836 (   2.77kB)
    Total RW  Size (RW Data + ZI Data)               640 (   0.63kB)
    Total ROM Size (Code + RO Data + RW Data)       2868 (   2.80kB)

==============================================================================

